[
    { "LogicalResourceId":"MyStateMachine", "ResourceType":"AWS::StepFunctions::StateMachine"},
    { "LogicalResourceId":"MyStateMachineRole", "ResourceType":"AWS::IAM::Role" }
]
