[
    { "LogicalResourceId":"MyNestedApp", "ResourceType":"AWS::CloudFormation::Stack" }
]
