[
  { "LogicalResourceId":"MyApi", "ResourceType":"AWS::ApiGatewayV2::Api"},
  { "LogicalResourceId":"MyApiApiGatewayDefaultStage", "ResourceType":"AWS::ApiGatewayV2::Stage" }
]