[
  { "LogicalResourceId":"ActiveTracingFunction", "ResourceType":"AWS::Lambda::Function"},
  { "LogicalResourceId":"ActiveTracingFunctionRole", "ResourceType":"AWS::IAM::Role"},
  { "LogicalResourceId":"PassThroughTracingFunction", "ResourceType":"AWS::Lambda::Function"},
  { "LogicalResourceId":"PassThroughTracingFunctionRole", "ResourceType":"AWS::IAM::Role" }
]