[
  { "LogicalResourceId":"MyBasicStateMachine", "ResourceType":"AWS::StepFunctions::StateMachine"},
  { "LogicalResourceId":"MyBasicStateMachineRole", "ResourceType":"AWS::IAM::Role" }
]