[
    { "LogicalResourceId":"MyApi", "ResourceType":"AWS::ApiGateway::RestApi" },
    { "LogicalResourceId":"MyApiDeployment", "ResourceType":"AWS::ApiGateway::Deployment" },
    { "LogicalResourceId":"MyApiStage", "ResourceType":"AWS::ApiGateway::Stage" }
]