[
  { "LogicalResourceId":"MyLambdaFunction", "ResourceType":"AWS::Lambda::Function" },
  { "LogicalResourceId":"MyLambdaFunctionRole", "ResourceType":"AWS::IAM::Role" },
  { "LogicalResourceId":"MyLambdaFunctionFooEventPermission", "ResourceType":"AWS::Lambda::Permission" },
  { "LogicalResourceId":"MyHttpApi", "ResourceType":"AWS::ApiGatewayV2::Api" },
  { "LogicalResourceId":"MyHttpApiApiGatewayDefaultStage", "ResourceType":"AWS::ApiGatewayV2::Stage" }
]
