[
  {
    "LogicalResourceId": "TriggerStateMachineRole",
    "ResourceType": "AWS::IAM::Role"
  },
  {
    "LogicalResourceId": "TriggerStateMachine",
    "ResourceType": "AWS::StepFunctions::StateMachine"
  },
  {
    "LogicalResourceId": "MyTopic",
    "ResourceType": "AWS::SNS::Topic"
  },
  {
    "LogicalResourceId": "MyConnectorPolicy",
    "ResourceType": "AWS::IAM::ManagedPolicy"
  }
]