[
  {
    "LogicalResourceId": "TriggerFunctionRole",
    "ResourceType": "AWS::IAM::Role"
  },
  {
    "LogicalResourceId": "TriggerFunction",
    "ResourceType": "AWS::Lambda::Function"
  },
  {
    "LogicalResourceId": "VerificationQueue",
    "ResourceType": "AWS::SQS::Queue"
  },
  {
    "LogicalResourceId": "MyConnectorPolicy",
    "ResourceType": "AWS::IAM::ManagedPolicy"
  },
  {
    "LogicalResourceId": "EBRole",
    "ResourceType": "AWS::IAM::Role"
  },
  {
    "LogicalResourceId": "StateMachine",
    "ResourceType": "AWS::StepFunctions::StateMachine"
  },
  {
    "LogicalResourceId": "EventRule",
    "ResourceType": "AWS::Events::Rule"
  },
  {
    "LogicalResourceId": "StateMachineRole",
    "ResourceType": "AWS::IAM::Role"
  }
]