[
  {
    "LogicalResourceId": "KafkaFunctionWithIntrinsics",
    "ResourceType": "AWS::Lambda::Function"
  },
  {
    "LogicalResourceId": "KafkaFunctionWithIntrinsicsMyKafkaClusterWithIntrinsics",
    "ResourceType": "AWS::Lambda::EventSourceMapping"
  },
  {
    "LogicalResourceId": "KafkaFunctionWithIntrinsicsRole",
    "ResourceType": "AWS::IAM::Role"
  },
  {
    "LogicalResourceId": "KafkaUserSecret",
    "ResourceType": "AWS::SecretsManager::Secret"
  }
]